//added testlog
